// Jest Snapshot v1, https://goo.gl/fbAQLP

exports[`App rendering render matches snapshot 1`] = `ShallowWrapper {}`;
