// Jest Snapshot v1, https://goo.gl/fbAQLP

exports[`AppTitle rendering render matches snapshot 1`] = `ShallowWrapper {}`;
