// Jest Snapshot v1, https://goo.gl/fbAQLP

exports[`Editor rendering render matches snapshot 1`] = `ShallowWrapper {}`;
