// Jest Snapshot v1, https://goo.gl/fbAQLP

exports[`Form Container rendering render matches snapshot 1`] = `ShallowWrapper {}`;
