// Jest Snapshot v1, https://goo.gl/fbAQLP

exports[`Modal rendering render matches snapshot 1`] = `ShallowWrapper {}`;
