// Jest Snapshot v1, https://goo.gl/fbAQLP

exports[`Page List rendering render matches snapshot 1`] = `ShallowWrapper {}`;
