// Jest Snapshot v1, https://goo.gl/fbAQLP

exports[`Progress Bar Container rendering render matches snapshot 1`] = `undefined`;
