// Jest Snapshot v1, https://goo.gl/fbAQLP

exports[`Input Field Container renders without crashing 1`] = `ShallowWrapper {}`;
